2026-01-12 00:36:01,904 | INFO     | ======================================================================
2026-01-12 00:36:01,904 | INFO     | GPCR BINDING POCKET COMPARISON WORKFLOW
2026-01-12 00:36:01,904 | INFO     | ======================================================================
2026-01-12 00:36:01,904 | INFO     | Target structures:
2026-01-12 00:36:01,904 | INFO     |   2RH1: ADRB2 + Carazolol (inverse_agonist, inactive)
2026-01-12 00:36:01,904 | INFO     |   3SN6: ADRB2 + BI-167107 (full_agonist, active)
2026-01-12 00:36:01,904 | INFO     |   4LDO: ADRB2 + Adrenaline (full_agonist, active)
2026-01-12 00:36:01,904 | INFO     | 
2026-01-12 00:36:01,904 | INFO     | ============================================================
2026-01-12 00:36:01,904 | INFO     | Step 1: Downloading GPCR structures with ligands
2026-01-12 00:36:01,904 | INFO     | ============================================================
2026-01-12 00:36:01,906 | INFO     | Initialized StructureProcessor 'structure_processor' at /data/fast/projects/protos/data/structure
2026-01-12 00:36:01,906 | INFO     | Initialized StructureLoader 'structure_loader' for structure data
2026-01-12 00:36:01,906 | INFO     |   Downloading 2RH1: Carazolol (inverse_agonist)...
2026-01-12 00:36:01,915 | INFO     |     Loaded from cache: 3804 atoms
2026-01-12 00:36:01,915 | INFO     |   Downloading 3SN6: BI-167107 (full_agonist)...
2026-01-12 00:36:01,927 | INFO     |     Loaded from cache: 10274 atoms
2026-01-12 00:36:01,927 | INFO     |   Downloading 4LDO: Adrenaline (full_agonist)...
2026-01-12 00:36:01,934 | INFO     |     Loaded from cache: 4465 atoms
2026-01-12 00:36:01,934 | INFO     | 
Loaded 3 structures
2026-01-12 00:36:01,934 | INFO     | ============================================================
2026-01-12 00:36:01,934 | INFO     | Step 2: Extracting ligands and binding sites
2026-01-12 00:36:01,934 | INFO     | ============================================================
2026-01-12 00:36:01,934 | INFO     | Initialized StructureProcessor 'structure_processor' at /data/fast/projects/protos/data/structure
2026-01-12 00:36:01,934 | INFO     |   Processing 2RH1 - Carazolol...
2026-01-12 00:36:02,042 | INFO     | Found 1 ligands in 2rh1
2026-01-12 00:36:02,042 | INFO     |     Found ligand: CAU (22 atoms)
2026-01-12 00:36:02,059 | INFO     |     Binding site: 20 residues within 5.0A
2026-01-12 00:36:02,059 | INFO     |   Processing 3SN6 - BI-167107...
2026-01-12 00:36:02,061 | INFO     | Found 1 ligands in 3sn6
2026-01-12 00:36:02,061 | INFO     |     Found ligand: P0G (27 atoms)
2026-01-12 00:36:02,081 | INFO     |     Binding site: 23 residues within 5.0A
2026-01-12 00:36:02,081 | INFO     |   Processing 4LDO - Adrenaline...
2026-01-12 00:36:02,083 | INFO     | Found 1 ligands in 4ldo
2026-01-12 00:36:02,083 | INFO     |     Found ligand: ALE (13 atoms)
2026-01-12 00:36:02,096 | INFO     |     Binding site: 16 residues within 5.0A
2026-01-12 00:36:02,096 | INFO     | ============================================================
2026-01-12 00:36:02,096 | INFO     | Step 3: Extracting chain sequences for GRN annotation
2026-01-12 00:36:02,096 | INFO     | ============================================================
2026-01-12 00:36:02,096 | INFO     | Initialized StructureProcessor 'structure_processor' at /data/fast/projects/protos/data/structure
2026-01-12 00:36:02,097 | INFO     | Initialized SequenceProcessor 'seq_processor' at /data/fast/projects/protos/data/sequence
2026-01-12 00:36:02,102 | INFO     |   2RH1_A: 443 residues
2026-01-12 00:36:02,112 | INFO     | Saved sequence entity: 2RH1_A
2026-01-12 00:36:02,122 | INFO     |   3SN6_R: 443 residues
2026-01-12 00:36:02,132 | INFO     | Saved sequence entity: 3SN6_R
2026-01-12 00:36:02,136 | INFO     |   4LDO_A: 454 residues
2026-01-12 00:36:02,146 | INFO     | Saved sequence entity: 4LDO_A
2026-01-12 00:36:02,154 | INFO     | Saved sequence entity: 2RH1_A
2026-01-12 00:36:02,162 | INFO     | Saved sequence entity: 3SN6_R
2026-01-12 00:36:02,170 | INFO     | Saved sequence entity: 4LDO_A
2026-01-12 00:36:02,170 | INFO     | Saved 3 sequences to /data/fast/projects/protos/data/sequence/fasta/datasets/beta_ar_binding.fasta
2026-01-12 00:36:02,170 | INFO     | ============================================================
2026-01-12 00:36:02,170 | INFO     | Step 4: Annotating binding sites with GRN
2026-01-12 00:36:02,170 | INFO     | ============================================================
2026-01-12 00:36:02,170 | INFO     | Initialized SequenceProcessor 'seq_processor' at /data/fast/projects/protos/data/sequence
2026-01-12 00:36:02,171 | INFO     | Initialized GRNProcessor 'grn_processor' at /data/fast/projects/protos/data/grn
2026-01-12 00:36:04,934 | INFO     |   Annotated 3 sequences
2026-01-12 00:36:04,936 | INFO     |   2RH1: 13 binding residues with GRN annotation
2026-01-12 00:36:04,936 | INFO     |   3SN6: 14 binding residues with GRN annotation
2026-01-12 00:36:04,937 | INFO     |   4LDO: 0 binding residues with GRN annotation
2026-01-12 00:36:04,937 | INFO     | ============================================================
2026-01-12 00:36:04,937 | INFO     | Step 5: Comparing binding sites across structures
2026-01-12 00:36:04,937 | INFO     | ============================================================
2026-01-12 00:36:04,938 | INFO     | 
  Key binding site positions:
2026-01-12 00:36:04,938 | INFO     | 
  Saved comparison: /data/fast/projects/protos/thesis/outputs/binding_pocket/binding_site_comparison.csv
2026-01-12 00:36:04,938 | INFO     | ============================================================
2026-01-12 00:36:04,938 | INFO     | Step 6: Analyzing agonist vs antagonist binding
2026-01-12 00:36:04,938 | INFO     | ============================================================
2026-01-12 00:36:04,938 | INFO     | 
  Shared binding residues: 0
2026-01-12 00:36:04,938 | INFO     | 
  Agonist-specific residues: 22
2026-01-12 00:36:04,939 | INFO     |     3.56: 
2026-01-12 00:36:04,939 | INFO     |     34.50: 
2026-01-12 00:36:04,939 | INFO     |     34.51: 
2026-01-12 00:36:04,939 | INFO     |     34.53: 
2026-01-12 00:36:04,939 | INFO     |     34.54: 
2026-01-12 00:36:04,939 | INFO     |     34.55: 
2026-01-12 00:36:04,939 | INFO     |     34.57: 
2026-01-12 00:36:04,939 | INFO     |     4.38: 
2026-01-12 00:36:04,939 | INFO     |     4.39: 
2026-01-12 00:36:04,939 | INFO     |     5.60: 
2026-01-12 00:36:04,939 | INFO     |     5.62: 
2026-01-12 00:36:04,939 | INFO     |     5.63: 
2026-01-12 00:36:04,939 | INFO     |     5.64: 
2026-01-12 00:36:04,939 | INFO     |     5.66: 
2026-01-12 00:36:04,939 | INFO     |     5.67: 
2026-01-12 00:36:04,939 | INFO     |     5.70: 
2026-01-12 00:36:04,939 | INFO     |     5.71: 
2026-01-12 00:36:04,939 | INFO     |     5.74: 
2026-01-12 00:36:04,939 | INFO     |     5.75: 
2026-01-12 00:36:04,939 | INFO     |     6.25: 
2026-01-12 00:36:04,939 | INFO     |     6.26: 
2026-01-12 00:36:04,939 | INFO     |     6.29: 
2026-01-12 00:36:04,939 | INFO     | 
  Antagonist-specific residues: 0
2026-01-12 00:36:04,939 | INFO     | 
  Saved analysis: /data/fast/projects/protos/thesis/outputs/binding_pocket/agonist_vs_antagonist.csv
2026-01-12 00:36:04,939 | INFO     | ============================================================
2026-01-12 00:36:04,939 | INFO     | Step 7: Creating binding site visualizations
2026-01-12 00:36:04,939 | INFO     | ============================================================
2026-01-12 00:36:05,000 | INFO     |   Saved visualization: /data/fast/projects/protos/thesis/outputs/binding_pocket/binding_pocket_comparison.html
2026-01-12 00:36:05,000 | INFO     | ============================================================
2026-01-12 00:36:05,000 | INFO     | Step 8: Creating summary table
2026-01-12 00:36:05,000 | INFO     | ============================================================
2026-01-12 00:36:05,012 | INFO     |   Saved summary table: /data/fast/projects/protos/thesis/outputs/binding_pocket/binding_summary_table.html
2026-01-12 00:36:05,012 | INFO     | 
  Summary Table:
2026-01-12 00:36:05,013 | INFO     | PDB ID Receptor    State     Ligand            Type  Ligand Atoms  Binding Residues
  2RH1    ADRB2 inactive  Carazolol inverse_agonist            22                20
  3SN6    ADRB2   active  BI-167107    full_agonist            27                23
  4LDO    ADRB2   active Adrenaline    full_agonist            13                16
2026-01-12 00:36:05,013 | INFO     | 
2026-01-12 00:36:05,013 | INFO     | ======================================================================
2026-01-12 00:36:05,013 | INFO     | GPCR BINDING POCKET WORKFLOW COMPLETE
2026-01-12 00:36:05,013 | INFO     | ======================================================================
2026-01-12 00:36:05,013 | INFO     | Outputs saved to: /data/fast/projects/protos/thesis/outputs/binding_pocket
2026-01-12 00:36:05,013 | INFO     | Log saved to: /data/fast/projects/protos/thesis/logs/gpcr_binding_pocket_20260112_003600.log
