2026-01-12 01:13:28,826 | INFO     | ======================================================================
2026-01-12 01:13:28,826 | INFO     | GPCR BINDING POCKET WORKFLOW: COMPREHENSIVE MECHANISM ANALYSIS
2026-01-12 01:13:28,826 | INFO     | ======================================================================
2026-01-12 01:13:28,826 | INFO     | 
8 Adrenergic Receptor Structures:
2026-01-12 01:13:28,826 | INFO     |   3SN6: ADRB2 + BI-167107 (full_agonist, active)
2026-01-12 01:13:28,826 | INFO     |   4LDO: ADRB2 + Adrenaline (full_agonist, active)
2026-01-12 01:13:28,826 | INFO     |   2Y02: ADRB1 + Isoprenaline (full_agonist, active_like)
2026-01-12 01:13:28,826 | INFO     |   2Y04: ADRB1 + Salbutamol (partial_agonist, intermediate)
2026-01-12 01:13:28,826 | INFO     |   2Y00: ADRB1 + Dobutamine (partial_agonist, intermediate)
2026-01-12 01:13:28,826 | INFO     |   2RH1: ADRB2 + Carazolol (inverse_agonist, inactive)
2026-01-12 01:13:28,826 | INFO     |   3NY9: ADRB2 + ICI 118,551 (inverse_agonist, inactive)
2026-01-12 01:13:28,826 | INFO     |   2VT4: ADRB1 + Cyanopindolol (antagonist, inactive)
2026-01-12 01:13:28,826 | INFO     | 
Hypotheses to test:
2026-01-12 01:13:28,826 | INFO     |   H1: Agonists bind CLOSER to S5.43 than inverse agonists
2026-01-12 01:13:28,826 | INFO     |   H2: Inverse agonists bind CLOSER to W6.48 (toggle switch)
2026-01-12 01:13:28,826 | INFO     |   H3: Water at N6.55 is EXCLUSIVE to active structures
2026-01-12 01:13:28,826 | INFO     | 
2026-01-12 01:13:28,826 | INFO     | ============================================================
2026-01-12 01:13:28,826 | INFO     | Step 1: Downloading 8 GPCR structures
2026-01-12 01:13:28,826 | INFO     | ============================================================
2026-01-12 01:13:28,829 | INFO     | Initialized StructureProcessor 'structure_processor' at /data/fast/projects/protos/data/structure
2026-01-12 01:13:28,829 | INFO     | Initialized StructureLoader 'structure_loader' for structure data
2026-01-12 01:13:28,829 | INFO     |   3SN6: ADRB2 + BI-167107 (full_agonist)
2026-01-12 01:13:28,844 | INFO     |     Loaded from cache: 10274 atoms
2026-01-12 01:13:28,844 | INFO     |   4LDO: ADRB2 + Adrenaline (full_agonist)
2026-01-12 01:13:28,948 | INFO     |     Loaded from cache: 4465 atoms
2026-01-12 01:13:28,948 | INFO     |   2Y02: ADRB1 + Isoprenaline (full_agonist)
2026-01-12 01:13:28,955 | INFO     |     Loaded from cache: 5064 atoms
2026-01-12 01:13:28,955 | INFO     |   2Y04: ADRB1 + Salbutamol (partial_agonist)
2026-01-12 01:13:28,963 | INFO     |     Loaded from cache: 5019 atoms
2026-01-12 01:13:28,963 | INFO     |   2Y00: ADRB1 + Dobutamine (partial_agonist)
2026-01-12 01:13:28,970 | INFO     |     Loaded from cache: 5052 atoms
2026-01-12 01:13:28,970 | INFO     |   2RH1: ADRB2 + Carazolol (inverse_agonist)
2026-01-12 01:13:28,977 | INFO     |     Loaded from cache: 3804 atoms
2026-01-12 01:13:28,977 | INFO     |   3NY9: ADRB2 + ICI 118,551 (inverse_agonist)
2026-01-12 01:13:28,983 | INFO     |     Loaded from cache: 3579 atoms
2026-01-12 01:13:28,983 | INFO     |   2VT4: ADRB1 + Cyanopindolol (antagonist)
2026-01-12 01:13:28,995 | INFO     |     Loaded from cache: 8976 atoms
2026-01-12 01:13:28,995 | INFO     | 
Loaded 8/8 structures
2026-01-12 01:13:28,995 | INFO     | ============================================================
2026-01-12 01:13:28,995 | INFO     | Step 2: Extracting ligands and binding sites
2026-01-12 01:13:28,995 | INFO     | ============================================================
2026-01-12 01:13:28,995 | INFO     | Initialized StructureProcessor 'structure_processor' at /data/fast/projects/protos/data/structure
2026-01-12 01:13:28,995 | INFO     |   3SN6 - BI-167107 (full_agonist)...
2026-01-12 01:13:28,997 | INFO     | Found 1 ligands in 3sn6
2026-01-12 01:13:29,017 | INFO     |     Ligand: 27 atoms, Binding site: 23 residues
2026-01-12 01:13:29,017 | INFO     |   4LDO - Adrenaline (full_agonist)...
2026-01-12 01:13:29,019 | INFO     | Found 1 ligands in 4ldo
2026-01-12 01:13:29,031 | INFO     |     Ligand: 13 atoms, Binding site: 16 residues
2026-01-12 01:13:29,031 | INFO     |   2Y02 - Isoprenaline (full_agonist)...
2026-01-12 01:13:29,033 | INFO     | Found 2 ligands in 2y02
2026-01-12 01:13:29,051 | INFO     |     Ligand: 27 atoms, Binding site: 22 residues
2026-01-12 01:13:29,051 | INFO     |   2Y04 - Salbutamol (partial_agonist)...
2026-01-12 01:13:29,054 | INFO     | Found 2 ligands in 2y04
2026-01-12 01:13:29,068 | INFO     |     Ligand: 17 atoms, Binding site: 19 residues
2026-01-12 01:13:29,068 | INFO     |   2Y00 - Dobutamine (partial_agonist)...
2026-01-12 01:13:29,071 | INFO     | Found 2 ligands in 2y00
2026-01-12 01:13:29,088 | INFO     |     Ligand: 22 atoms, Binding site: 21 residues
2026-01-12 01:13:29,088 | INFO     |   2RH1 - Carazolol (inverse_agonist)...
2026-01-12 01:13:29,090 | INFO     | Found 1 ligands in 2rh1
2026-01-12 01:13:29,105 | INFO     |     Ligand: 22 atoms, Binding site: 20 residues
2026-01-12 01:13:29,105 | INFO     |   3NY9 - ICI 118,551 (inverse_agonist)...
2026-01-12 01:13:29,107 | INFO     | Found 1 ligands in 3ny9
2026-01-12 01:13:29,123 | INFO     |     Ligand: 24 atoms, Binding site: 21 residues
2026-01-12 01:13:29,124 | INFO     |   2VT4 - Cyanopindolol (antagonist)...
2026-01-12 01:13:29,126 | INFO     | Found 4 ligands in 2vt4
2026-01-12 01:13:29,143 | INFO     |     Ligand: 21 atoms, Binding site: 19 residues
2026-01-12 01:13:29,144 | INFO     | ============================================================
2026-01-12 01:13:29,144 | INFO     | Step 3: Extracting sequences and GRN annotation
2026-01-12 01:13:29,144 | INFO     | ============================================================
2026-01-12 01:13:29,144 | INFO     | Initialized StructureProcessor 'structure_processor' at /data/fast/projects/protos/data/structure
2026-01-12 01:13:29,144 | INFO     | Initialized SequenceProcessor 'seq_processor' at /data/fast/projects/protos/data/sequence
2026-01-12 01:13:29,168 | INFO     | Saved sequence entity: 3SN6_R
2026-01-12 01:13:29,186 | INFO     | Saved sequence entity: 4LDO_A
2026-01-12 01:13:29,208 | INFO     | Saved sequence entity: 2Y02_A
2026-01-12 01:13:29,227 | INFO     | Saved sequence entity: 2Y04_A
2026-01-12 01:13:29,246 | INFO     | Saved sequence entity: 2Y00_A
2026-01-12 01:13:29,263 | INFO     | Saved sequence entity: 2RH1_A
2026-01-12 01:13:29,281 | INFO     | Saved sequence entity: 3NY9_A
2026-01-12 01:13:29,304 | INFO     | Saved sequence entity: 2VT4_A
2026-01-12 01:13:29,316 | INFO     | Saved sequence entity: 3SN6_R
2026-01-12 01:13:29,327 | INFO     | Saved sequence entity: 4LDO_A
2026-01-12 01:13:29,339 | INFO     | Saved sequence entity: 2Y02_A
2026-01-12 01:13:29,351 | INFO     | Saved sequence entity: 2Y04_A
2026-01-12 01:13:29,362 | INFO     | Saved sequence entity: 2Y00_A
2026-01-12 01:13:29,374 | INFO     | Saved sequence entity: 2RH1_A
2026-01-12 01:13:29,386 | INFO     | Saved sequence entity: 3NY9_A
2026-01-12 01:13:29,397 | INFO     | Saved sequence entity: 2VT4_A
2026-01-12 01:13:29,398 | INFO     | Saved 8 sequences to /data/fast/projects/protos/data/sequence/fasta/datasets/gpcr_mechanism_analysis.fasta
2026-01-12 01:13:29,398 | INFO     | Initialized GRNProcessor 'grn_processor' at /data/fast/projects/protos/data/grn
2026-01-12 01:13:35,336 | INFO     |   Annotated 8/8 sequences with GRN
2026-01-12 01:13:35,340 | INFO     | 
======================================================================
2026-01-12 01:13:35,340 | INFO     | HYPOTHESIS TESTING
2026-01-12 01:13:35,340 | INFO     | ======================================================================
2026-01-12 01:13:35,340 | INFO     | ============================================================
2026-01-12 01:13:35,340 | INFO     | H1: Ligand distance to S5.43 (agonist binding marker)
2026-01-12 01:13:35,340 | INFO     | ============================================================
2026-01-12 01:13:35,342 | INFO     |   3SN6 (full_agonist   ): 14.00 A
2026-01-12 01:13:35,344 | INFO     |   2Y02 (full_agonist   ): 14.20 A
2026-01-12 01:13:35,346 | INFO     |   2Y04 (partial_agonist): 14.12 A
2026-01-12 01:13:35,347 | INFO     |   2Y00 (partial_agonist): 14.15 A
2026-01-12 01:13:35,348 | INFO     |   2RH1 (inverse_agonist): 9.78 A
2026-01-12 01:13:35,350 | INFO     |   3NY9 (inverse_agonist): 11.87 A
2026-01-12 01:13:35,352 | INFO     |   2VT4 (antagonist     ): 6.52 A
2026-01-12 01:13:35,352 | INFO     | ============================================================
2026-01-12 01:13:35,352 | INFO     | H2: Ligand distance to W6.48 (toggle switch)
2026-01-12 01:13:35,352 | INFO     | ============================================================
2026-01-12 01:13:35,353 | INFO     |   3SN6 (full_agonist   ): 36.46 A
2026-01-12 01:13:35,355 | INFO     |   2Y02 (full_agonist   ): 27.46 A
2026-01-12 01:13:35,357 | INFO     |   2Y04 (partial_agonist): 27.03 A
2026-01-12 01:13:35,358 | INFO     |   2Y00 (partial_agonist): 27.71 A
2026-01-12 01:13:35,359 | INFO     |   2RH1 (inverse_agonist): 30.45 A
2026-01-12 01:13:35,361 | INFO     |   3NY9 (inverse_agonist): 23.82 A
2026-01-12 01:13:35,362 | INFO     |   2VT4 (antagonist     ): 9.21 A
2026-01-12 01:13:35,362 | INFO     | ============================================================
2026-01-12 01:13:35,362 | INFO     | H3: Water at N6.55 (activation marker)
2026-01-12 01:13:35,362 | INFO     | ============================================================
2026-01-12 01:13:35,362 | INFO     |   NOTE: Crystallographic waters depend on resolution
2026-01-12 01:13:35,363 | INFO     |   3SN6 (full_agonist   ): NO WATERS
2026-01-12 01:13:35,366 | INFO     |   3NY9 (inverse_agonist, inactive    ): YES (3.34 A)
2026-01-12 01:13:35,368 | INFO     |   2VT4 (antagonist     , inactive    ): NO (16.18 A)
2026-01-12 01:13:35,368 | INFO     | 
======================================================================
2026-01-12 01:13:35,368 | INFO     | GENERATING OUTPUTS
2026-01-12 01:13:35,368 | INFO     | ======================================================================
2026-01-12 01:13:35,368 | INFO     | ============================================================
2026-01-12 01:13:35,368 | INFO     | Creating hypothesis visualization
2026-01-12 01:13:35,368 | INFO     | ============================================================
2026-01-12 01:13:35,554 | INFO     |   Saved: /data/fast/projects/protos/thesis/outputs/binding_pocket/hypothesis_analysis.html
2026-01-12 01:13:35,562 | INFO     | Chromium init'ed with kwargs {}
2026-01-12 01:13:35,563 | INFO     | Found chromium path: /usr/bin/google-chrome
2026-01-12 01:13:35,563 | INFO     | Temp directory created: /scratch/tmp/tmpqgb8veba.
2026-01-12 01:13:35,564 | INFO     | Opening browser.
2026-01-12 01:13:35,564 | INFO     | Temp directory created: /scratch/tmp/tmpqeeqzdpn.
2026-01-12 01:13:35,566 | INFO     | ldd failed. e: Command '['ldd', '/usr/bin/google-chrome']' returned non-zero exit status 1., stderr: None
2026-01-12 01:13:35,566 | INFO     | Temporary directory at: /scratch/tmp/tmpqeeqzdpn
2026-01-12 01:13:35,703 | INFO     | Conforming 1 to file:///scratch/tmp/tmpqgb8veba/index.html
2026-01-12 01:13:35,703 | INFO     | Waiting on all navigates
2026-01-12 01:13:36,197 | INFO     | All navigates done, putting them all in queue.
2026-01-12 01:13:36,198 | INFO     | Getting tab from queue (has 1)
2026-01-12 01:13:36,198 | INFO     | Got ED88
2026-01-12 01:13:36,198 | INFO     | Processing GPCR_Activation_Mechanism_Hypothesis_Testing_H1_H3.png
2026-01-12 01:13:36,198 | INFO     | Sending big command for GPCR_Activation_Mechanism_Hypothesis_Testing_H1_H3.png.
2026-01-12 01:13:36,272 | INFO     | Sent big command for GPCR_Activation_Mechanism_Hypothesis_Testing_H1_H3.png.
2026-01-12 01:13:36,273 | INFO     | Reloading tab ED88 before return.
2026-01-12 01:13:36,314 | INFO     | Putting tab ED88 back (queue size: 0).
2026-01-12 01:13:36,314 | INFO     | Waiting for all cleanups to finish.
2026-01-12 01:13:36,314 | INFO     | Exiting Kaleido
2026-01-12 01:13:36,314 | INFO     | Closing browser.
2026-01-12 01:13:36,315 | INFO     | Closing browser.
2026-01-12 01:13:36,315 | INFO     | TemporaryDirectory.cleanup() worked.
2026-01-12 01:13:36,315 | INFO     | shutil.rmtree worked.
2026-01-12 01:13:36,315 | INFO     | Cancelling tasks.
2026-01-12 01:13:36,315 | INFO     | Exiting Kaleido/Choreo
2026-01-12 01:13:36,430 | INFO     | TemporaryDirectory.cleanup() worked.
2026-01-12 01:13:36,430 | INFO     | shutil.rmtree worked.
2026-01-12 01:13:36,430 | INFO     | TemporaryDirectory.cleanup() worked.
2026-01-12 01:13:36,430 | INFO     | shutil.rmtree worked.
2026-01-12 01:13:36,430 | INFO     | Cancelling tasks.
2026-01-12 01:13:36,430 | INFO     | Exiting Kaleido/Choreo
2026-01-12 01:13:36,431 | INFO     |   Saved: /data/fast/projects/protos/thesis/outputs/binding_pocket/hypothesis_analysis.png
2026-01-12 01:13:36,431 | INFO     | ============================================================
2026-01-12 01:13:36,431 | INFO     | Generating PyMOL visualization script
2026-01-12 01:13:36,431 | INFO     | ============================================================
2026-01-12 01:13:36,431 | INFO     |   Saved: /data/fast/projects/protos/thesis/workflows/figures/gpcr_mechanism_analysis.pml
2026-01-12 01:13:36,431 | INFO     |   Run in PyMOL: pymol /data/fast/projects/protos/thesis/workflows/figures/gpcr_mechanism_analysis.pml
2026-01-12 01:13:36,431 | INFO     | ============================================================
2026-01-12 01:13:36,431 | INFO     | Saving results
2026-01-12 01:13:36,431 | INFO     | ============================================================
2026-01-12 01:13:36,431 | INFO     |   Saved: /data/fast/projects/protos/thesis/outputs/binding_pocket/gpcr_mechanism_results.json
2026-01-12 01:13:36,432 | INFO     |   Saved: /data/fast/projects/protos/thesis/outputs/binding_pocket/gpcr_mechanism_summary.csv
2026-01-12 01:13:36,432 | INFO     | 
======================================================================
2026-01-12 01:13:36,432 | INFO     | WORKFLOW COMPLETE
2026-01-12 01:13:36,432 | INFO     | ======================================================================
2026-01-12 01:13:36,432 | INFO     | 
Key Findings:
2026-01-12 01:13:36,432 | INFO     |   H1: Full agonists S5.43 mean=14.10A vs inverse agonists 10.82A
2026-01-12 01:13:36,433 | INFO     |   H2: Full agonists W6.48 mean=31.96A vs inverse agonists 27.14A
2026-01-12 01:13:36,433 | INFO     |   H3: Water at N6.55 - Active: 0, Inactive: 1
2026-01-12 01:13:36,433 | INFO     | 
Outputs saved to: /data/fast/projects/protos/thesis/outputs/binding_pocket
2026-01-12 01:13:36,433 | INFO     | PyMOL script: /data/fast/projects/protos/thesis/workflows/figures/gpcr_mechanism_analysis.pml
2026-01-12 01:13:36,433 | INFO     | Log saved to: /data/fast/projects/protos/thesis/logs/gpcr_binding_pocket_20260112_011327.log
2026-01-12 01:13:36,552 | INFO     | TemporaryDirectory.cleanup() worked.
2026-01-12 01:13:36,553 | INFO     | shutil.rmtree worked.
