2026-01-12 22:06:44,069 | INFO     | ======================================================================
2026-01-12 22:06:44,069 | INFO     | STRUCTURE PROCESSOR EXAMPLE: Type I vs Type II Opsin Alignment
2026-01-12 22:06:44,069 | INFO     | ======================================================================
2026-01-12 22:06:44,069 | INFO     | 
2026-01-12 22:06:44,069 | INFO     | KEY QUESTION: How do Type I and Type II opsins compare around retinal?
2026-01-12 22:06:44,069 | INFO     | 
2026-01-12 22:06:44,069 | INFO     | Structures (4 total):
2026-01-12 22:06:44,069 | INFO     |   1C3W: Bacteriorhodopsin - Type I (Microbial)
2026-01-12 22:06:44,069 | INFO     |   3UG9: Channelrhodopsin-2 (C1C2) - Type I (Microbial)
2026-01-12 22:06:44,069 | INFO     |   1U19: Bovine Rhodopsin - Type II (Animal/GPCR)
2026-01-12 22:06:44,069 | INFO     |   2Z73: Squid Rhodopsin - Type II (Animal/GPCR)
2026-01-12 22:06:44,069 | INFO     | Reference: 1C3W
2026-01-12 22:06:44,069 | INFO     | 
2026-01-12 22:06:44,162 | INFO     | Initialized StructureProcessor 'structure_processor' at /data/fast/projects/protos/data/structure
2026-01-12 22:06:44,162 | INFO     | ============================================================
2026-01-12 22:06:44,162 | INFO     | Step 1: Downloading opsin structures from PDB
2026-01-12 22:06:44,162 | INFO     | ============================================================
2026-01-12 22:06:44,162 | INFO     | Initialized StructureProcessor 'structure_processor' at /data/fast/projects/protos/data/structure
2026-01-12 22:06:44,162 | INFO     | Initialized StructureLoader 'structure_loader' for structure data
2026-01-12 22:06:44,162 | INFO     |   Loading 1C3W: Bacteriorhodopsin (Type I)...
2026-01-12 22:06:44,170 | INFO     |     Loaded: 2073 atoms, 260 residues
2026-01-12 22:06:44,170 | INFO     |   Loading 3UG9: Channelrhodopsin-2 (C1C2) (Type I)...
2026-01-12 22:06:44,175 | INFO     |     Loaded: 2315 atoms, 330 residues
2026-01-12 22:06:44,175 | INFO     |   Loading 1U19: Bovine Rhodopsin (Type II)...
2026-01-12 22:06:44,184 | INFO     |     Loaded: 5948 atoms, 801 residues
2026-01-12 22:06:44,184 | INFO     |   Loading 2Z73: Squid Rhodopsin (Type II)...
2026-01-12 22:06:44,193 | INFO     |     Loaded: 5835 atoms, 766 residues
2026-01-12 22:06:44,193 | INFO     | 
Loaded 4 structures
2026-01-12 22:06:44,193 | INFO     | ============================================================
2026-01-12 22:06:44,193 | INFO     | Step 2: Analyzing retinal binding pockets
2026-01-12 22:06:44,193 | INFO     | ============================================================
2026-01-12 22:06:44,193 | INFO     | 
  1C3W (Bacteriorhodopsin):
2026-01-12 22:06:44,210 | INFO     |     Binding residues within 4.0A: 17
2026-01-12 22:06:44,210 | INFO     |     Top contacts by distance:
2026-01-12 22:06:44,210 | INFO     |       TRP86: 3.44A
2026-01-12 22:06:44,210 | INFO     |       THR89: 3.80A
2026-01-12 22:06:44,210 | INFO     |       THR90: 3.51A
2026-01-12 22:06:44,210 | INFO     |       LEU93: 3.79A
2026-01-12 22:06:44,210 | INFO     |       MET118: 3.61A
2026-01-12 22:06:44,210 | INFO     | 
  3UG9 (Channelrhodopsin-2 (C1C2)):
2026-01-12 22:06:44,224 | INFO     |     Binding residues within 4.0A: 15
2026-01-12 22:06:44,225 | INFO     |     Top contacts by distance:
2026-01-12 22:06:44,225 | INFO     |       TRP163: 3.43A
2026-01-12 22:06:44,225 | INFO     |       THR166: 3.76A
2026-01-12 22:06:44,225 | INFO     |       CYS167: 3.23A
2026-01-12 22:06:44,225 | INFO     |       THR198: 3.54A
2026-01-12 22:06:44,225 | INFO     |       GLY202: 3.57A
2026-01-12 22:06:44,225 | INFO     | 
  1U19 (Bovine Rhodopsin):
2026-01-12 22:06:44,250 | INFO     |     Binding residues within 4.0A: 18
2026-01-12 22:06:44,250 | INFO     |     Top contacts by distance:
2026-01-12 22:06:44,250 | INFO     |       GLU113: 3.84A
2026-01-12 22:06:44,250 | INFO     |       ALA117: 3.53A
2026-01-12 22:06:44,250 | INFO     |       THR118: 3.53A
2026-01-12 22:06:44,250 | INFO     |       GLY121: 3.71A
2026-01-12 22:06:44,250 | INFO     |       GLU122: 3.89A
2026-01-12 22:06:44,250 | INFO     | 
  2Z73 (Squid Rhodopsin):
2026-01-12 22:06:44,271 | INFO     |     Binding residues within 4.0A: 18
2026-01-12 22:06:44,271 | INFO     |     Top contacts by distance:
2026-01-12 22:06:44,272 | INFO     |       ASN87: 3.75A
2026-01-12 22:06:44,272 | INFO     |       TYR111: 3.83A
2026-01-12 22:06:44,272 | INFO     |       GLY112: 3.45A
2026-01-12 22:06:44,272 | INFO     |       GLY115: 3.96A
2026-01-12 22:06:44,272 | INFO     |       GLY116: 3.47A
2026-01-12 22:06:44,272 | INFO     | ============================================================
2026-01-12 22:06:44,272 | INFO     | Step 3: Aligning structures on retinal (ref: 1C3W)
2026-01-12 22:06:44,272 | INFO     | ============================================================
2026-01-12 22:06:44,272 | INFO     |   Reference retinal center: [15.86, 43.30, 2.92]
2026-01-12 22:06:44,273 | INFO     |   Reference CA atoms: 222
2026-01-12 22:06:44,273 | INFO     | 
  Aligning 3UG9 (Channelrhodopsin-2 (C1C2))...
2026-01-12 22:06:44,273 | INFO     |     Using 222 CA atoms for alignment
2026-01-12 22:06:44,273 | INFO     |     RMSD: 17.80A
2026-01-12 22:06:44,274 | INFO     |     Aligned retinal center: [15.57, 43.74, 8.23]
2026-01-12 22:06:44,274 | INFO     | 
  Aligning 1U19 (Bovine Rhodopsin)...
2026-01-12 22:06:44,275 | INFO     |     Using 222 CA atoms for alignment
2026-01-12 22:06:44,275 | INFO     |     RMSD: 21.41A
2026-01-12 22:06:44,276 | INFO     |     Aligned retinal center: [19.94, 38.19, 9.95]
2026-01-12 22:06:44,276 | INFO     | 
  Aligning 2Z73 (Squid Rhodopsin)...
2026-01-12 22:06:44,277 | INFO     |     Using 222 CA atoms for alignment
2026-01-12 22:06:44,277 | INFO     |     RMSD: 22.64A
2026-01-12 22:06:44,278 | INFO     |     Aligned retinal center: [22.53, 37.64, 8.18]
2026-01-12 22:06:44,278 | INFO     | ============================================================
2026-01-12 22:06:44,278 | INFO     | Step 4: Exporting aligned structures to CIF
2026-01-12 22:06:44,278 | INFO     | ============================================================
2026-01-12 22:06:44,362 | INFO     |   Exported: 1C3W_aligned.cif
2026-01-12 22:06:44,362 | INFO     |     Structure: Bacteriorhodopsin
2026-01-12 22:06:44,362 | INFO     |     Atoms: 2073
2026-01-12 22:06:44,457 | INFO     |   Exported: 3UG9_aligned.cif
2026-01-12 22:06:44,457 | INFO     |     Structure: Channelrhodopsin-2 (C1C2)
2026-01-12 22:06:44,457 | INFO     |     Atoms: 2315
2026-01-12 22:06:44,698 | INFO     |   Exported: 1U19_aligned.cif
2026-01-12 22:06:44,698 | INFO     |     Structure: Bovine Rhodopsin
2026-01-12 22:06:44,698 | INFO     |     Atoms: 5948
2026-01-12 22:06:44,934 | INFO     |   Exported: 2Z73_aligned.cif
2026-01-12 22:06:44,935 | INFO     |     Structure: Squid Rhodopsin
2026-01-12 22:06:44,935 | INFO     |     Atoms: 5835
2026-01-12 22:06:44,935 | INFO     | 
Exported 4 CIF files to: /data/fast/projects/protos/thesis/outputs/structure/aligned_cif
2026-01-12 22:06:44,935 | INFO     | ============================================================
2026-01-12 22:06:44,935 | INFO     | Step 5: Creating alignment visualization
2026-01-12 22:06:44,935 | INFO     | ============================================================
2026-01-12 22:06:45,014 | INFO     |   Saved visualization: /data/fast/projects/protos/thesis/outputs/structure/opsin_alignment.html
2026-01-12 22:06:45,014 | INFO     | ============================================================
2026-01-12 22:06:45,015 | INFO     | Step 6: Creating comparison summary
2026-01-12 22:06:45,015 | INFO     | ============================================================
2026-01-12 22:06:45,016 | INFO     |   Saved comparison: /data/fast/projects/protos/thesis/outputs/structure/opsin_comparison.csv
2026-01-12 22:06:45,016 | INFO     | 
  Comparison Summary:
2026-01-12 22:06:45,017 | INFO     | PDB ID                      Name                  Type                  Organism         Function Chain  Binding Residues  RMSD (Å)
  1C3W         Bacteriorhodopsin    Type I (Microbial)   Halobacterium salinarum      proton pump     A                17  0.000000
  3UG9 Channelrhodopsin-2 (C1C2)    Type I (Microbial) Chlamydomonas reinhardtii   cation channel     A                15 17.804439
  1U19          Bovine Rhodopsin Type II (Animal/GPCR)                Bos taurus dim light vision     A                18 21.405418
  2Z73           Squid Rhodopsin Type II (Animal/GPCR)       Todarodes pacificus           vision     A                18 22.644022
2026-01-12 22:06:45,017 | INFO     | 
2026-01-12 22:06:45,017 | INFO     | ======================================================================
2026-01-12 22:06:45,017 | INFO     | STRUCTURE PROCESSOR EXAMPLE COMPLETE
2026-01-12 22:06:45,017 | INFO     | ======================================================================
2026-01-12 22:06:45,017 | INFO     | Outputs saved to: /data/fast/projects/protos/thesis/outputs/structure
2026-01-12 22:06:45,017 | INFO     | Log saved to: /data/fast/projects/protos/thesis/logs/structure_processor_20260112_220642.log
