2026-01-12 21:30:12,553 | INFO     | ======================================================================
2026-01-12 21:30:12,553 | INFO     | STRUCTURE PROCESSOR EXAMPLE: Type I vs Type II Opsin Alignment
2026-01-12 21:30:12,553 | INFO     | ======================================================================
2026-01-12 21:30:12,553 | INFO     | 
2026-01-12 21:30:12,553 | INFO     | KEY QUESTION: How do Type I and Type II opsins compare around retinal?
2026-01-12 21:30:12,553 | INFO     | 
2026-01-12 21:30:12,553 | INFO     | Structures (4 total):
2026-01-12 21:30:12,553 | INFO     |   1C3W: Bacteriorhodopsin - Type I (Microbial)
2026-01-12 21:30:12,553 | INFO     |   3UG9: Channelrhodopsin-2 (C1C2) - Type I (Microbial)
2026-01-12 21:30:12,553 | INFO     |   1U19: Bovine Rhodopsin - Type II (Animal/GPCR)
2026-01-12 21:30:12,553 | INFO     |   2Z73: Squid Rhodopsin - Type II (Animal/GPCR)
2026-01-12 21:30:12,553 | INFO     | Reference: 1C3W
2026-01-12 21:30:12,553 | INFO     | 
2026-01-12 21:30:12,643 | INFO     | Initialized StructureProcessor 'structure_processor' at /data/fast/projects/protos/data/structure
2026-01-12 21:30:12,643 | INFO     | ============================================================
2026-01-12 21:30:12,643 | INFO     | Step 1: Downloading opsin structures from PDB
2026-01-12 21:30:12,643 | INFO     | ============================================================
2026-01-12 21:30:12,643 | INFO     | Initialized StructureProcessor 'structure_processor' at /data/fast/projects/protos/data/structure
2026-01-12 21:30:12,643 | INFO     | Initialized StructureLoader 'structure_loader' for structure data
2026-01-12 21:30:12,643 | INFO     |   Loading 1C3W: Bacteriorhodopsin (Type I)...
2026-01-12 21:30:12,651 | INFO     |     Loaded: 2073 atoms, 260 residues
2026-01-12 21:30:12,651 | INFO     |   Loading 3UG9: Channelrhodopsin-2 (C1C2) (Type I)...
2026-01-12 21:30:12,669 | INFO     |     Loaded: 2315 atoms, 330 residues
2026-01-12 21:30:12,669 | INFO     |   Loading 1U19: Bovine Rhodopsin (Type II)...
2026-01-12 21:30:12,678 | INFO     |     Loaded: 5948 atoms, 801 residues
2026-01-12 21:30:12,678 | INFO     |   Loading 2Z73: Squid Rhodopsin (Type II)...
2026-01-12 21:30:12,687 | INFO     |     Loaded: 5835 atoms, 766 residues
2026-01-12 21:30:12,687 | INFO     | 
Loaded 4 structures
2026-01-12 21:30:12,687 | INFO     | ============================================================
2026-01-12 21:30:12,687 | INFO     | Step 2: Analyzing retinal binding pockets
2026-01-12 21:30:12,687 | INFO     | ============================================================
2026-01-12 21:30:12,687 | INFO     | 
  1C3W (Bacteriorhodopsin):
2026-01-12 21:30:12,704 | INFO     |     Binding residues within 4.0A: 17
2026-01-12 21:30:12,704 | INFO     |     Top contacts by distance:
2026-01-12 21:30:12,704 | INFO     |       TRP86: 3.44A
2026-01-12 21:30:12,704 | INFO     |       THR89: 3.80A
2026-01-12 21:30:12,704 | INFO     |       THR90: 3.51A
2026-01-12 21:30:12,704 | INFO     |       LEU93: 3.79A
2026-01-12 21:30:12,704 | INFO     |       MET118: 3.61A
2026-01-12 21:30:12,704 | INFO     | 
  3UG9 (Channelrhodopsin-2 (C1C2)):
2026-01-12 21:30:12,719 | INFO     |     Binding residues within 4.0A: 15
2026-01-12 21:30:12,719 | INFO     |     Top contacts by distance:
2026-01-12 21:30:12,719 | INFO     |       TRP163: 3.43A
2026-01-12 21:30:12,719 | INFO     |       THR166: 3.76A
2026-01-12 21:30:12,719 | INFO     |       CYS167: 3.23A
2026-01-12 21:30:12,719 | INFO     |       THR198: 3.54A
2026-01-12 21:30:12,719 | INFO     |       GLY202: 3.57A
2026-01-12 21:30:12,719 | INFO     | 
  1U19 (Bovine Rhodopsin):
2026-01-12 21:30:12,743 | INFO     |     Binding residues within 4.0A: 18
2026-01-12 21:30:12,743 | INFO     |     Top contacts by distance:
2026-01-12 21:30:12,743 | INFO     |       GLU113: 3.84A
2026-01-12 21:30:12,743 | INFO     |       ALA117: 3.53A
2026-01-12 21:30:12,743 | INFO     |       THR118: 3.53A
2026-01-12 21:30:12,743 | INFO     |       GLY121: 3.71A
2026-01-12 21:30:12,743 | INFO     |       GLU122: 3.89A
2026-01-12 21:30:12,743 | INFO     | 
  2Z73 (Squid Rhodopsin):
2026-01-12 21:30:12,765 | INFO     |     Binding residues within 4.0A: 18
2026-01-12 21:30:12,765 | INFO     |     Top contacts by distance:
2026-01-12 21:30:12,765 | INFO     |       ASN87: 3.75A
2026-01-12 21:30:12,765 | INFO     |       TYR111: 3.83A
2026-01-12 21:30:12,765 | INFO     |       GLY112: 3.45A
2026-01-12 21:30:12,765 | INFO     |       GLY115: 3.96A
2026-01-12 21:30:12,765 | INFO     |       GLY116: 3.47A
2026-01-12 21:30:12,765 | INFO     | ============================================================
2026-01-12 21:30:12,765 | INFO     | Step 3: Aligning structures on retinal (ref: 1C3W)
2026-01-12 21:30:12,765 | INFO     | ============================================================
2026-01-12 21:30:12,766 | INFO     |   Reference retinal center: [15.86, 43.30, 2.92]
2026-01-12 21:30:12,766 | INFO     |   Reference CA atoms: 222
2026-01-12 21:30:12,767 | INFO     | 
  Aligning 3UG9 (Channelrhodopsin-2 (C1C2))...
2026-01-12 21:30:12,767 | INFO     |     Using 222 CA atoms for alignment
2026-01-12 21:30:12,767 | INFO     |     RMSD: 17.80A
2026-01-12 21:30:12,768 | INFO     |     Aligned retinal center: [15.57, 43.74, 8.23]
2026-01-12 21:30:12,768 | INFO     | 
  Aligning 1U19 (Bovine Rhodopsin)...
2026-01-12 21:30:12,769 | INFO     |     Using 222 CA atoms for alignment
2026-01-12 21:30:12,769 | INFO     |     RMSD: 21.41A
2026-01-12 21:30:12,770 | INFO     |     Aligned retinal center: [19.94, 38.19, 9.95]
2026-01-12 21:30:12,770 | INFO     | 
  Aligning 2Z73 (Squid Rhodopsin)...
2026-01-12 21:30:12,771 | INFO     |     Using 222 CA atoms for alignment
2026-01-12 21:30:12,771 | INFO     |     RMSD: 22.64A
2026-01-12 21:30:12,772 | INFO     |     Aligned retinal center: [22.53, 37.64, 8.18]
2026-01-12 21:30:12,772 | INFO     | ============================================================
2026-01-12 21:30:12,772 | INFO     | Step 4: Exporting aligned structures to CIF
2026-01-12 21:30:12,772 | INFO     | ============================================================
2026-01-12 21:30:12,772 | WARNING  |   Failed to export 1C3W: Missing required columns: ['atom_id']
2026-01-12 21:30:12,773 | WARNING  |   Failed to export 3UG9: Missing required columns: ['atom_id']
2026-01-12 21:30:12,773 | WARNING  |   Failed to export 1U19: Missing required columns: ['atom_id']
2026-01-12 21:30:12,773 | WARNING  |   Failed to export 2Z73: Missing required columns: ['atom_id']
2026-01-12 21:30:12,773 | INFO     | 
Exported 0 CIF files to: /data/fast/projects/protos/thesis/outputs/structure/aligned_cif
2026-01-12 21:30:12,774 | INFO     | ============================================================
2026-01-12 21:30:12,774 | INFO     | Step 5: Creating alignment visualization
2026-01-12 21:30:12,774 | INFO     | ============================================================
2026-01-12 21:30:12,871 | INFO     |   Saved visualization: /data/fast/projects/protos/thesis/outputs/structure/opsin_alignment.html
2026-01-12 21:30:12,871 | INFO     | ============================================================
2026-01-12 21:30:12,871 | INFO     | Step 6: Creating comparison summary
2026-01-12 21:30:12,871 | INFO     | ============================================================
2026-01-12 21:30:12,872 | INFO     |   Saved comparison: /data/fast/projects/protos/thesis/outputs/structure/opsin_comparison.csv
2026-01-12 21:30:12,872 | INFO     | 
  Comparison Summary:
2026-01-12 21:30:12,873 | INFO     | PDB ID                      Name                  Type                  Organism         Function Chain  Binding Residues  RMSD (Å)
  1C3W         Bacteriorhodopsin    Type I (Microbial)   Halobacterium salinarum      proton pump     A                17  0.000000
  3UG9 Channelrhodopsin-2 (C1C2)    Type I (Microbial) Chlamydomonas reinhardtii   cation channel     A                15 17.804439
  1U19          Bovine Rhodopsin Type II (Animal/GPCR)                Bos taurus dim light vision     A                18 21.405418
  2Z73           Squid Rhodopsin Type II (Animal/GPCR)       Todarodes pacificus           vision     A                18 22.644022
2026-01-12 21:30:12,873 | INFO     | 
2026-01-12 21:30:12,874 | INFO     | ======================================================================
2026-01-12 21:30:12,874 | INFO     | STRUCTURE PROCESSOR EXAMPLE COMPLETE
2026-01-12 21:30:12,874 | INFO     | ======================================================================
2026-01-12 21:30:12,874 | INFO     | Outputs saved to: /data/fast/projects/protos/thesis/outputs/structure
2026-01-12 21:30:12,874 | INFO     | Log saved to: /data/fast/projects/protos/thesis/logs/structure_processor_20260112_213011.log
